city-structure
city-config
v2-formulas-dir
v2-agent-format
v2-import-format
v2-default-rig-import-format
v2-pack-sources
v2-rig-path-site-binding
v2-legacy-order-layout
v2-scripts-layout
v2-workspace-name
v2-prompt-template-suffix
provider-catalog
provider-catalog-local-readiness
expanded-config-load
implicit-import-cache
deprecated-attachment-fields
dolt-topology
dolt-drift
config-valid
legacy-suspended-field
config-refs
stale-local-pack-dirs
pre-start-scripts
builtin-pack-family
config-semantics
duration-range
provider-parity
formula-requirements
named-always-min-conflict
instructions-file
service-secrets-perms
skill-collision
order-firing-current
codex-hooks-drift
rig-pack-coverage
pack-runtimes
mcp-config
mcp-shared-target
builtin-pack-imports
packv2-import-state
jsonl-archive
tmux-binary
git-binary
jq-binary
pgrep-binary
lsof-binary
beads-role
controller
supervisor-http-api
agent-sessions
zombie-sessions
orphan-sessions
bd-split-store
beads-store
v2-routed-to-namespace
run-target-routed-to-backfill
work-option-metadata-migration
backlog-depth
order-tracking-retention
session-model
dolt-server
fork-rate
dolt-noms-size
dolt-journal-size
dolt-config
dolt-version
events-log
events-log-size
bd-backup-size
bd-backup-state
bd-backup-freshness
worktree-disk-size
nested-worktree-prune
custom-types:city
worktrees
